2026-05-28 04:58:27.967 Uvicorn server started on 0.0.0.0:8501

  You can now view your Streamlit app in your browser.

  Local URL: http://localhost:8501
  Network URL: http://172.28.0.12:8501
  External URL: http://8.229.80.172:8501

2026-05-28 05:01:21 | INFO     | steel_defect.inference    | SteelPredictor initialized | checkpoint=/content/anomaly_detection/steel_defect_classification/models/steel_cnn_best.pt | device=cuda
2026-05-28 05:01:22 | INFO     | steel_defect.inference    | Model loaded | time=307ms
2026-05-28 05:01:37 | INFO     | steel_defect.inference    | Inference #1 | label=defect_1 | confidence=0.349 | time=243.0ms
2026-05-28 05:01:37.131 Please replace `use_container_width` with `width`.

`use_container_width` will be removed after 2025-12-31.

For `use_container_width=True`, use `width='stretch'`. For `use_container_width=False`, use `width='content'`.
2026-05-28 05:01:37.333 Please replace `use_container_width` with `width`.

`use_container_width` will be removed after 2025-12-31.

For `use_container_width=True`, use `width='stretch'`. For `use_container_width=False`, use `width='content'`.
2026-05-28 05:01:38 | INFO     | steel_defect.inference    | Inference #2 | label=defect_1 | confidence=0.308 | time=3.1ms
2026-05-28 05:01:38.854 Please replace `use_container_width` with `width`.

`use_container_width` will be removed after 2025-12-31.

For `use_container_width=True`, use `width='stretch'`. For `use_container_width=False`, use `width='content'`.
2026-05-28 05:01:38.869 Please replace `use_container_width` with `width`.

`use_container_width` will be removed after 2025-12-31.

For `use_container_width=True`, use `width='stretch'`. For `use_container_width=False`, use `width='content'`.
2026-05-28 05:01:40 | INFO     | steel_defect.inference    | Inference #3 | label=defect_2 | confidence=0.451 | time=3.8ms
2026-05-28 05:01:40.389 Please replace `use_container_width` with `width`.

`use_container_width` will be removed after 2025-12-31.

For `use_container_width=True`, use `width='stretch'`. For `use_container_width=False`, use `width='content'`.
2026-05-28 05:01:40.402 Please replace `use_container_width` with `width`.

`use_container_width` will be removed after 2025-12-31.

For `use_container_width=True`, use `width='stretch'`. For `use_container_width=False`, use `width='content'`.
2026-05-28 05:01:45 | INFO     | steel_defect.inference    | Inference #4 | label=defect_1 | confidence=0.349 | time=6.7ms
2026-05-28 05:01:45.141 Please replace `use_container_width` with `width`.

`use_container_width` will be removed after 2025-12-31.

For `use_container_width=True`, use `width='stretch'`. For `use_container_width=False`, use `width='content'`.
2026-05-28 05:01:45.154 Please replace `use_container_width` with `width`.

`use_container_width` will be removed after 2025-12-31.

For `use_container_width=True`, use `width='stretch'`. For `use_container_width=False`, use `width='content'`.
2026-05-28 05:01:46 | INFO     | steel_defect.inference    | Inference #5 | label=defect_1 | confidence=0.308 | time=4.6ms
2026-05-28 05:01:46.678 Please replace `use_container_width` with `width`.

`use_container_width` will be removed after 2025-12-31.

For `use_container_width=True`, use `width='stretch'`. For `use_container_width=False`, use `width='content'`.
2026-05-28 05:01:46.695 Please replace `use_container_width` with `width`.

`use_container_width` will be removed after 2025-12-31.

For `use_container_width=True`, use `width='stretch'`. For `use_container_width=False`, use `width='content'`.
2026-05-28 05:01:48 | INFO     | steel_defect.inference    | Inference #6 | label=defect_2 | confidence=0.451 | time=3.3ms
2026-05-28 05:01:48.217 Please replace `use_container_width` with `width`.

`use_container_width` will be removed after 2025-12-31.

For `use_container_width=True`, use `width='stretch'`. For `use_container_width=False`, use `width='content'`.
2026-05-28 05:01:48.233 Please replace `use_container_width` with `width`.

`use_container_width` will be removed after 2025-12-31.

For `use_container_width=True`, use `width='stretch'`. For `use_container_width=False`, use `width='content'`.
2026-05-28 05:01:49 | INFO     | steel_defect.inference    | Inference #7 | label=defect_2 | confidence=0.706 | time=3.0ms
2026-05-28 05:01:49.752 Please replace `use_container_width` with `width`.

`use_container_width` will be removed after 2025-12-31.

For `use_container_width=True`, use `width='stretch'`. For `use_container_width=False`, use `width='content'`.
2026-05-28 05:01:49.764 Please replace `use_container_width` with `width`.

`use_container_width` will be removed after 2025-12-31.

For `use_container_width=True`, use `width='stretch'`. For `use_container_width=False`, use `width='content'`.
2026-05-28 05:01:50 | INFO     | steel_defect.inference    | Inference #8 | label=defect_1 | confidence=0.349 | time=10.3ms
2026-05-28 05:01:50.897 Please replace `use_container_width` with `width`.

`use_container_width` will be removed after 2025-12-31.

For `use_container_width=True`, use `width='stretch'`. For `use_container_width=False`, use `width='content'`.
2026-05-28 05:01:50.910 Please replace `use_container_width` with `width`.

`use_container_width` will be removed after 2025-12-31.

For `use_container_width=True`, use `width='stretch'`. For `use_container_width=False`, use `width='content'`.
2026-05-28 05:01:52 | INFO     | steel_defect.inference    | Inference #9 | label=defect_1 | confidence=0.349 | time=6.4ms
2026-05-28 05:01:52.189 Please replace `use_container_width` with `width`.

`use_container_width` will be removed after 2025-12-31.

For `use_container_width=True`, use `width='stretch'`. For `use_container_width=False`, use `width='content'`.
2026-05-28 05:01:52.202 Please replace `use_container_width` with `width`.

`use_container_width` will be removed after 2025-12-31.

For `use_container_width=True`, use `width='stretch'`. For `use_container_width=False`, use `width='content'`.
2026-05-28 05:01:54 | INFO     | steel_defect.inference    | Inference #10 | label=defect_1 | confidence=0.308 | time=2.8ms
2026-05-28 05:01:54.722 Please replace `use_container_width` with `width`.

`use_container_width` will be removed after 2025-12-31.

For `use_container_width=True`, use `width='stretch'`. For `use_container_width=False`, use `width='content'`.
2026-05-28 05:01:54.735 Please replace `use_container_width` with `width`.

`use_container_width` will be removed after 2025-12-31.

For `use_container_width=True`, use `width='stretch'`. For `use_container_width=False`, use `width='content'`.
2026-05-28 05:01:57 | INFO     | steel_defect.inference    | Inference #11 | label=defect_2 | confidence=0.451 | time=3.7ms
2026-05-28 05:01:57.257 Please replace `use_container_width` with `width`.

`use_container_width` will be removed after 2025-12-31.

For `use_container_width=True`, use `width='stretch'`. For `use_container_width=False`, use `width='content'`.
2026-05-28 05:01:57.271 Please replace `use_container_width` with `width`.

`use_container_width` will be removed after 2025-12-31.

For `use_container_width=True`, use `width='stretch'`. For `use_container_width=False`, use `width='content'`.
2026-05-28 05:01:59 | INFO     | steel_defect.inference    | Inference #12 | label=defect_2 | confidence=0.706 | time=3.1ms
2026-05-28 05:01:59.796 Please replace `use_container_width` with `width`.

`use_container_width` will be removed after 2025-12-31.

For `use_container_width=True`, use `width='stretch'`. For `use_container_width=False`, use `width='content'`.
2026-05-28 05:01:59.812 Please replace `use_container_width` with `width`.

`use_container_width` will be removed after 2025-12-31.

For `use_container_width=True`, use `width='stretch'`. For `use_container_width=False`, use `width='content'`.
2026-05-28 05:02:02 | INFO     | steel_defect.inference    | Inference #13 | label=defect_2 | confidence=0.385 | time=2.9ms
2026-05-28 05:02:02.335 Please replace `use_container_width` with `width`.

`use_container_width` will be removed after 2025-12-31.

For `use_container_width=True`, use `width='stretch'`. For `use_container_width=False`, use `width='content'`.
2026-05-28 05:02:02.349 Please replace `use_container_width` with `width`.

`use_container_width` will be removed after 2025-12-31.

For `use_container_width=True`, use `width='stretch'`. For `use_container_width=False`, use `width='content'`.
2026-05-28 05:02:04 | INFO     | steel_defect.inference    | Inference #14 | label=defect_1 | confidence=0.365 | time=2.8ms
2026-05-28 05:02:04.870 Please replace `use_container_width` with `width`.

`use_container_width` will be removed after 2025-12-31.

For `use_container_width=True`, use `width='stretch'`. For `use_container_width=False`, use `width='content'`.
2026-05-28 05:02:04.883 Please replace `use_container_width` with `width`.

`use_container_width` will be removed after 2025-12-31.

For `use_container_width=True`, use `width='stretch'`. For `use_container_width=False`, use `width='content'`.
2026-05-28 05:02:07 | INFO     | steel_defect.inference    | Inference #15 | label=defect_2 | confidence=0.747 | time=2.9ms
2026-05-28 05:02:07.401 Please replace `use_container_width` with `width`.

`use_container_width` will be removed after 2025-12-31.

For `use_container_width=True`, use `width='stretch'`. For `use_container_width=False`, use `width='content'`.
2026-05-28 05:02:07.414 Please replace `use_container_width` with `width`.

`use_container_width` will be removed after 2025-12-31.

For `use_container_width=True`, use `width='stretch'`. For `use_container_width=False`, use `width='content'`.
2026-05-28 05:02:09 | INFO     | steel_defect.inference    | Inference #16 | label=defect_4 | confidence=0.362 | time=2.8ms
2026-05-28 05:02:09.936 Please replace `use_container_width` with `width`.

`use_container_width` will be removed after 2025-12-31.

For `use_container_width=True`, use `width='stretch'`. For `use_container_width=False`, use `width='content'`.
2026-05-28 05:02:09.949 Please replace `use_container_width` with `width`.

`use_container_width` will be removed after 2025-12-31.

For `use_container_width=True`, use `width='stretch'`. For `use_container_width=False`, use `width='content'`.
2026-05-28 05:02:12 | INFO     | steel_defect.inference    | Inference #17 | label=defect_1 | confidence=0.357 | time=3.2ms
2026-05-28 05:02:12.470 Please replace `use_container_width` with `width`.

`use_container_width` will be removed after 2025-12-31.

For `use_container_width=True`, use `width='stretch'`. For `use_container_width=False`, use `width='content'`.
2026-05-28 05:02:12.486 Please replace `use_container_width` with `width`.

`use_container_width` will be removed after 2025-12-31.

For `use_container_width=True`, use `width='stretch'`. For `use_container_width=False`, use `width='content'`.
2026-05-28 05:02:15 | INFO     | steel_defect.inference    | Inference #18 | label=defect_2 | confidence=0.505 | time=2.9ms
2026-05-28 05:02:15.010 Please replace `use_container_width` with `width`.

`use_container_width` will be removed after 2025-12-31.

For `use_container_width=True`, use `width='stretch'`. For `use_container_width=False`, use `width='content'`.
2026-05-28 05:02:15.023 Please replace `use_container_width` with `width`.

`use_container_width` will be removed after 2025-12-31.

For `use_container_width=True`, use `width='stretch'`. For `use_container_width=False`, use `width='content'`.
2026-05-28 05:02:18 | INFO     | steel_defect.inference    | Inference #19 | label=defect_1 | confidence=0.349 | time=6.2ms
2026-05-28 05:02:18.342 Please replace `use_container_width` with `width`.

`use_container_width` will be removed after 2025-12-31.

For `use_container_width=True`, use `width='stretch'`. For `use_container_width=False`, use `width='content'`.
2026-05-28 05:02:18.354 Please replace `use_container_width` with `width`.

`use_container_width` will be removed after 2025-12-31.

For `use_container_width=True`, use `width='stretch'`. For `use_container_width=False`, use `width='content'`.
2026-05-28 05:02:19 | INFO     | steel_defect.inference    | Inference #20 | label=defect_1 | confidence=0.308 | time=2.8ms
2026-05-28 05:02:19.871 Please replace `use_container_width` with `width`.

`use_container_width` will be removed after 2025-12-31.

For `use_container_width=True`, use `width='stretch'`. For `use_container_width=False`, use `width='content'`.
2026-05-28 05:02:19.885 Please replace `use_container_width` with `width`.

`use_container_width` will be removed after 2025-12-31.

For `use_container_width=True`, use `width='stretch'`. For `use_container_width=False`, use `width='content'`.
2026-05-28 05:02:21 | INFO     | steel_defect.inference    | Inference #21 | label=defect_2 | confidence=0.451 | time=2.8ms
2026-05-28 05:02:21.405 Please replace `use_container_width` with `width`.

`use_container_width` will be removed after 2025-12-31.

For `use_container_width=True`, use `width='stretch'`. For `use_container_width=False`, use `width='content'`.
2026-05-28 05:02:21.418 Please replace `use_container_width` with `width`.

`use_container_width` will be removed after 2025-12-31.

For `use_container_width=True`, use `width='stretch'`. For `use_container_width=False`, use `width='content'`.
2026-05-28 05:02:22 | INFO     | steel_defect.inference    | Inference #22 | label=defect_2 | confidence=0.706 | time=2.9ms
2026-05-28 05:02:22.936 Please replace `use_container_width` with `width`.

`use_container_width` will be removed after 2025-12-31.

For `use_container_width=True`, use `width='stretch'`. For `use_container_width=False`, use `width='content'`.
2026-05-28 05:02:22.950 Please replace `use_container_width` with `width`.

`use_container_width` will be removed after 2025-12-31.

For `use_container_width=True`, use `width='stretch'`. For `use_container_width=False`, use `width='content'`.
2026-05-28 05:02:24 | INFO     | steel_defect.inference    | Inference #23 | label=defect_2 | confidence=0.385 | time=2.7ms
2026-05-28 05:02:24.468 Please replace `use_container_width` with `width`.

`use_container_width` will be removed after 2025-12-31.

For `use_container_width=True`, use `width='stretch'`. For `use_container_width=False`, use `width='content'`.
2026-05-28 05:02:24.481 Please replace `use_container_width` with `width`.

`use_container_width` will be removed after 2025-12-31.

For `use_container_width=True`, use `width='stretch'`. For `use_container_width=False`, use `width='content'`.
2026-05-28 05:02:26 | INFO     | steel_defect.inference    | Inference #24 | label=defect_1 | confidence=0.365 | time=3.4ms
2026-05-28 05:02:26.002 Please replace `use_container_width` with `width`.

`use_container_width` will be removed after 2025-12-31.

For `use_container_width=True`, use `width='stretch'`. For `use_container_width=False`, use `width='content'`.
2026-05-28 05:02:26.019 Please replace `use_container_width` with `width`.

`use_container_width` will be removed after 2025-12-31.

For `use_container_width=True`, use `width='stretch'`. For `use_container_width=False`, use `width='content'`.
2026-05-28 05:02:27 | INFO     | steel_defect.inference    | Inference #25 | label=defect_2 | confidence=0.747 | time=2.8ms
2026-05-28 05:02:27.541 Please replace `use_container_width` with `width`.

`use_container_width` will be removed after 2025-12-31.

For `use_container_width=True`, use `width='stretch'`. For `use_container_width=False`, use `width='content'`.
2026-05-28 05:02:27.554 Please replace `use_container_width` with `width`.

`use_container_width` will be removed after 2025-12-31.

For `use_container_width=True`, use `width='stretch'`. For `use_container_width=False`, use `width='content'`.
2026-05-28 05:02:29 | INFO     | steel_defect.inference    | Inference #26 | label=defect_4 | confidence=0.362 | time=3.1ms
2026-05-28 05:02:29.074 Please replace `use_container_width` with `width`.

`use_container_width` will be removed after 2025-12-31.

For `use_container_width=True`, use `width='stretch'`. For `use_container_width=False`, use `width='content'`.
2026-05-28 05:02:29.087 Please replace `use_container_width` with `width`.

`use_container_width` will be removed after 2025-12-31.

For `use_container_width=True`, use `width='stretch'`. For `use_container_width=False`, use `width='content'`.
2026-05-28 05:02:30 | INFO     | steel_defect.inference    | Inference #27 | label=defect_1 | confidence=0.357 | time=2.8ms
2026-05-28 05:02:30.606 Please replace `use_container_width` with `width`.

`use_container_width` will be removed after 2025-12-31.

For `use_container_width=True`, use `width='stretch'`. For `use_container_width=False`, use `width='content'`.
2026-05-28 05:02:30.619 Please replace `use_container_width` with `width`.

`use_container_width` will be removed after 2025-12-31.

For `use_container_width=True`, use `width='stretch'`. For `use_container_width=False`, use `width='content'`.
2026-05-28 05:02:32 | INFO     | steel_defect.inference    | Inference #28 | label=defect_2 | confidence=0.505 | time=3.1ms
2026-05-28 05:02:32.139 Please replace `use_container_width` with `width`.

`use_container_width` will be removed after 2025-12-31.

For `use_container_width=True`, use `width='stretch'`. For `use_container_width=False`, use `width='content'`.
2026-05-28 05:02:32.151 Please replace `use_container_width` with `width`.

`use_container_width` will be removed after 2025-12-31.

For `use_container_width=True`, use `width='stretch'`. For `use_container_width=False`, use `width='content'`.
2026-05-28 05:02:33 | INFO     | steel_defect.inference    | Inference #29 | label=defect_1 | confidence=0.323 | time=3.0ms
2026-05-28 05:02:33.673 Please replace `use_container_width` with `width`.

`use_container_width` will be removed after 2025-12-31.

For `use_container_width=True`, use `width='stretch'`. For `use_container_width=False`, use `width='content'`.
2026-05-28 05:02:33.686 Please replace `use_container_width` with `width`.

`use_container_width` will be removed after 2025-12-31.

For `use_container_width=True`, use `width='stretch'`. For `use_container_width=False`, use `width='content'`.
2026-05-28 05:02:35 | INFO     | steel_defect.inference    | Inference #30 | label=defect_2 | confidence=0.492 | time=2.6ms
2026-05-28 05:02:35.205 Please replace `use_container_width` with `width`.

`use_container_width` will be removed after 2025-12-31.

For `use_container_width=True`, use `width='stretch'`. For `use_container_width=False`, use `width='content'`.
2026-05-28 05:02:35.217 Please replace `use_container_width` with `width`.

`use_container_width` will be removed after 2025-12-31.

For `use_container_width=True`, use `width='stretch'`. For `use_container_width=False`, use `width='content'`.
2026-05-28 05:02:36 | INFO     | steel_defect.inference    | Inference #31 | label=defect_2 | confidence=0.570 | time=3.0ms
2026-05-28 05:02:36.737 Please replace `use_container_width` with `width`.

`use_container_width` will be removed after 2025-12-31.

For `use_container_width=True`, use `width='stretch'`. For `use_container_width=False`, use `width='content'`.
2026-05-28 05:02:36.749 Please replace `use_container_width` with `width`.

`use_container_width` will be removed after 2025-12-31.

For `use_container_width=True`, use `width='stretch'`. For `use_container_width=False`, use `width='content'`.
2026-05-28 05:02:38 | INFO     | steel_defect.inference    | Inference #32 | label=defect_1 | confidence=0.354 | time=3.7ms
2026-05-28 05:02:38.273 Please replace `use_container_width` with `width`.

`use_container_width` will be removed after 2025-12-31.

For `use_container_width=True`, use `width='stretch'`. For `use_container_width=False`, use `width='content'`.
2026-05-28 05:02:38.291 Please replace `use_container_width` with `width`.

`use_container_width` will be removed after 2025-12-31.

For `use_container_width=True`, use `width='stretch'`. For `use_container_width=False`, use `width='content'`.
2026-05-28 05:02:39 | INFO     | steel_defect.inference    | Inference #33 | label=defect_1 | confidence=0.285 | time=3.1ms
2026-05-28 05:02:39.818 Please replace `use_container_width` with `width`.

`use_container_width` will be removed after 2025-12-31.

For `use_container_width=True`, use `width='stretch'`. For `use_container_width=False`, use `width='content'`.
2026-05-28 05:02:39.831 Please replace `use_container_width` with `width`.

`use_container_width` will be removed after 2025-12-31.

For `use_container_width=True`, use `width='stretch'`. For `use_container_width=False`, use `width='content'`.
2026-05-28 05:02:41 | INFO     | steel_defect.inference    | Inference #34 | label=defect_1 | confidence=0.349 | time=6.5ms
2026-05-28 05:02:41.487 Please replace `use_container_width` with `width`.

`use_container_width` will be removed after 2025-12-31.

For `use_container_width=True`, use `width='stretch'`. For `use_container_width=False`, use `width='content'`.
2026-05-28 05:02:41.500 Please replace `use_container_width` with `width`.

`use_container_width` will be removed after 2025-12-31.

For `use_container_width=True`, use `width='stretch'`. For `use_container_width=False`, use `width='content'`.
2026-05-28 05:02:44 | INFO     | steel_defect.inference    | Inference #35 | label=defect_1 | confidence=0.308 | time=2.8ms
2026-05-28 05:02:44.520 Please replace `use_container_width` with `width`.

`use_container_width` will be removed after 2025-12-31.

For `use_container_width=True`, use `width='stretch'`. For `use_container_width=False`, use `width='content'`.
2026-05-28 05:02:44.532 Please replace `use_container_width` with `width`.

`use_container_width` will be removed after 2025-12-31.

For `use_container_width=True`, use `width='stretch'`. For `use_container_width=False`, use `width='content'`.
2026-05-28 05:02:44 | INFO     | steel_defect.inference    | Inference #36 | label=defect_1 | confidence=0.349 | time=6.6ms
2026-05-28 05:02:44.883 Please replace `use_container_width` with `width`.

`use_container_width` will be removed after 2025-12-31.

For `use_container_width=True`, use `width='stretch'`. For `use_container_width=False`, use `width='content'`.
2026-05-28 05:02:44.896 Please replace `use_container_width` with `width`.

`use_container_width` will be removed after 2025-12-31.

For `use_container_width=True`, use `width='stretch'`. For `use_container_width=False`, use `width='content'`.
2026-05-28 05:02:46 | INFO     | steel_defect.inference    | Inference #37 | label=defect_1 | confidence=0.308 | time=2.7ms
2026-05-28 05:02:46.916 Please replace `use_container_width` with `width`.

`use_container_width` will be removed after 2025-12-31.

For `use_container_width=True`, use `width='stretch'`. For `use_container_width=False`, use `width='content'`.
2026-05-28 05:02:46.928 Please replace `use_container_width` with `width`.

`use_container_width` will be removed after 2025-12-31.

For `use_container_width=True`, use `width='stretch'`. For `use_container_width=False`, use `width='content'`.
2026-05-28 05:02:48 | INFO     | steel_defect.inference    | Inference #38 | label=defect_2 | confidence=0.451 | time=2.8ms
2026-05-28 05:02:48.948 Please replace `use_container_width` with `width`.

`use_container_width` will be removed after 2025-12-31.

For `use_container_width=True`, use `width='stretch'`. For `use_container_width=False`, use `width='content'`.
2026-05-28 05:02:48.961 Please replace `use_container_width` with `width`.

`use_container_width` will be removed after 2025-12-31.

For `use_container_width=True`, use `width='stretch'`. For `use_container_width=False`, use `width='content'`.
2026-05-28 05:02:50 | INFO     | steel_defect.inference    | Inference #39 | label=defect_2 | confidence=0.706 | time=4.0ms
2026-05-28 05:02:50.982 Please replace `use_container_width` with `width`.

`use_container_width` will be removed after 2025-12-31.

For `use_container_width=True`, use `width='stretch'`. For `use_container_width=False`, use `width='content'`.
2026-05-28 05:02:50.997 Please replace `use_container_width` with `width`.

`use_container_width` will be removed after 2025-12-31.

For `use_container_width=True`, use `width='stretch'`. For `use_container_width=False`, use `width='content'`.
2026-05-28 05:02:53 | INFO     | steel_defect.inference    | Inference #40 | label=defect_2 | confidence=0.385 | time=2.9ms
2026-05-28 05:02:53.030 Please replace `use_container_width` with `width`.

`use_container_width` will be removed after 2025-12-31.

For `use_container_width=True`, use `width='stretch'`. For `use_container_width=False`, use `width='content'`.
2026-05-28 05:02:53.042 Please replace `use_container_width` with `width`.

`use_container_width` will be removed after 2025-12-31.

For `use_container_width=True`, use `width='stretch'`. For `use_container_width=False`, use `width='content'`.
2026-05-28 05:02:54 | INFO     | steel_defect.inference    | Inference #41 | label=defect_1 | confidence=0.349 | time=6.6ms
2026-05-28 05:02:54.984 Please replace `use_container_width` with `width`.

`use_container_width` will be removed after 2025-12-31.

For `use_container_width=True`, use `width='stretch'`. For `use_container_width=False`, use `width='content'`.
2026-05-28 05:02:54.998 Please replace `use_container_width` with `width`.

`use_container_width` will be removed after 2025-12-31.

For `use_container_width=True`, use `width='stretch'`. For `use_container_width=False`, use `width='content'`.
2026-05-28 05:02:57 | INFO     | steel_defect.inference    | Inference #42 | label=defect_1 | confidence=0.308 | time=2.9ms
2026-05-28 05:02:57.018 Please replace `use_container_width` with `width`.

`use_container_width` will be removed after 2025-12-31.

For `use_container_width=True`, use `width='stretch'`. For `use_container_width=False`, use `width='content'`.
2026-05-28 05:02:57.032 Please replace `use_container_width` with `width`.

`use_container_width` will be removed after 2025-12-31.

For `use_container_width=True`, use `width='stretch'`. For `use_container_width=False`, use `width='content'`.
2026-05-28 05:02:57 | INFO     | steel_defect.inference    | Inference #43 | label=defect_1 | confidence=0.349 | time=6.5ms
2026-05-28 05:02:57.653 Please replace `use_container_width` with `width`.

`use_container_width` will be removed after 2025-12-31.

For `use_container_width=True`, use `width='stretch'`. For `use_container_width=False`, use `width='content'`.
2026-05-28 05:02:57.667 Please replace `use_container_width` with `width`.

`use_container_width` will be removed after 2025-12-31.

For `use_container_width=True`, use `width='stretch'`. For `use_container_width=False`, use `width='content'`.
2026-05-28 05:02:59 | INFO     | steel_defect.inference    | Inference #44 | label=defect_1 | confidence=0.308 | time=2.7ms
2026-05-28 05:02:59.687 Please replace `use_container_width` with `width`.

`use_container_width` will be removed after 2025-12-31.

For `use_container_width=True`, use `width='stretch'`. For `use_container_width=False`, use `width='content'`.
2026-05-28 05:02:59.699 Please replace `use_container_width` with `width`.

`use_container_width` will be removed after 2025-12-31.

For `use_container_width=True`, use `width='stretch'`. For `use_container_width=False`, use `width='content'`.
2026-05-28 05:03:01 | INFO     | steel_defect.inference    | Inference #45 | label=defect_2 | confidence=0.451 | time=2.8ms
2026-05-28 05:03:01.717 Please replace `use_container_width` with `width`.

`use_container_width` will be removed after 2025-12-31.

For `use_container_width=True`, use `width='stretch'`. For `use_container_width=False`, use `width='content'`.
2026-05-28 05:03:01.730 Please replace `use_container_width` with `width`.

`use_container_width` will be removed after 2025-12-31.

For `use_container_width=True`, use `width='stretch'`. For `use_container_width=False`, use `width='content'`.
2026-05-28 05:03:03 | INFO     | steel_defect.inference    | Inference #46 | label=defect_2 | confidence=0.706 | time=3.3ms
2026-05-28 05:03:03.748 Please replace `use_container_width` with `width`.

`use_container_width` will be removed after 2025-12-31.

For `use_container_width=True`, use `width='stretch'`. For `use_container_width=False`, use `width='content'`.
2026-05-28 05:03:03.763 Please replace `use_container_width` with `width`.

`use_container_width` will be removed after 2025-12-31.

For `use_container_width=True`, use `width='stretch'`. For `use_container_width=False`, use `width='content'`.
2026-05-28 05:03:05 | INFO     | steel_defect.inference    | Inference #47 | label=defect_2 | confidence=0.385 | time=3.4ms
2026-05-28 05:03:05.786 Please replace `use_container_width` with `width`.

`use_container_width` will be removed after 2025-12-31.

For `use_container_width=True`, use `width='stretch'`. For `use_container_width=False`, use `width='content'`.
2026-05-28 05:03:05.798 Please replace `use_container_width` with `width`.

`use_container_width` will be removed after 2025-12-31.

For `use_container_width=True`, use `width='stretch'`. For `use_container_width=False`, use `width='content'`.
2026-05-28 05:03:07 | INFO     | steel_defect.inference    | Inference #48 | label=defect_1 | confidence=0.365 | time=2.9ms
2026-05-28 05:03:07.818 Please replace `use_container_width` with `width`.

`use_container_width` will be removed after 2025-12-31.

For `use_container_width=True`, use `width='stretch'`. For `use_container_width=False`, use `width='content'`.
2026-05-28 05:03:07.831 Please replace `use_container_width` with `width`.

`use_container_width` will be removed after 2025-12-31.

For `use_container_width=True`, use `width='stretch'`. For `use_container_width=False`, use `width='content'`.
2026-05-28 05:03:09 | INFO     | steel_defect.inference    | Inference #49 | label=defect_2 | confidence=0.747 | time=2.9ms
2026-05-28 05:03:09.849 Please replace `use_container_width` with `width`.

`use_container_width` will be removed after 2025-12-31.

For `use_container_width=True`, use `width='stretch'`. For `use_container_width=False`, use `width='content'`.
2026-05-28 05:03:09.862 Please replace `use_container_width` with `width`.

`use_container_width` will be removed after 2025-12-31.

For `use_container_width=True`, use `width='stretch'`. For `use_container_width=False`, use `width='content'`.
2026-05-28 05:03:11 | INFO     | steel_defect.inference    | Inference #50 | label=defect_4 | confidence=0.362 | time=2.9ms
2026-05-28 05:03:11.882 Please replace `use_container_width` with `width`.

`use_container_width` will be removed after 2025-12-31.

For `use_container_width=True`, use `width='stretch'`. For `use_container_width=False`, use `width='content'`.
2026-05-28 05:03:11.894 Please replace `use_container_width` with `width`.

`use_container_width` will be removed after 2025-12-31.

For `use_container_width=True`, use `width='stretch'`. For `use_container_width=False`, use `width='content'`.
2026-05-28 05:03:13 | INFO     | steel_defect.inference    | Inference #51 | label=defect_1 | confidence=0.357 | time=2.8ms
2026-05-28 05:03:13.914 Please replace `use_container_width` with `width`.

`use_container_width` will be removed after 2025-12-31.

For `use_container_width=True`, use `width='stretch'`. For `use_container_width=False`, use `width='content'`.
2026-05-28 05:03:13.926 Please replace `use_container_width` with `width`.

`use_container_width` will be removed after 2025-12-31.

For `use_container_width=True`, use `width='stretch'`. For `use_container_width=False`, use `width='content'`.
2026-05-28 05:03:15 | INFO     | steel_defect.inference    | Inference #52 | label=defect_2 | confidence=0.505 | time=5.5ms
2026-05-28 05:03:15.954 Please replace `use_container_width` with `width`.

`use_container_width` will be removed after 2025-12-31.

For `use_container_width=True`, use `width='stretch'`. For `use_container_width=False`, use `width='content'`.
2026-05-28 05:03:15.972 Please replace `use_container_width` with `width`.

`use_container_width` will be removed after 2025-12-31.

For `use_container_width=True`, use `width='stretch'`. For `use_container_width=False`, use `width='content'`.
2026-05-28 05:03:17 | INFO     | steel_defect.inference    | Inference #53 | label=defect_1 | confidence=0.323 | time=3.9ms
2026-05-28 05:03:18.001 Please replace `use_container_width` with `width`.

`use_container_width` will be removed after 2025-12-31.

For `use_container_width=True`, use `width='stretch'`. For `use_container_width=False`, use `width='content'`.
2026-05-28 05:03:18.019 Please replace `use_container_width` with `width`.

`use_container_width` will be removed after 2025-12-31.

For `use_container_width=True`, use `width='stretch'`. For `use_container_width=False`, use `width='content'`.
2026-05-28 05:03:20 | INFO     | steel_defect.inference    | Inference #54 | label=defect_2 | confidence=0.492 | time=2.8ms
2026-05-28 05:03:20.043 Please replace `use_container_width` with `width`.

`use_container_width` will be removed after 2025-12-31.

For `use_container_width=True`, use `width='stretch'`. For `use_container_width=False`, use `width='content'`.
2026-05-28 05:03:20.056 Please replace `use_container_width` with `width`.

`use_container_width` will be removed after 2025-12-31.

For `use_container_width=True`, use `width='stretch'`. For `use_container_width=False`, use `width='content'`.
2026-05-28 05:03:22 | INFO     | steel_defect.inference    | Inference #55 | label=defect_2 | confidence=0.570 | time=2.9ms
2026-05-28 05:03:22.080 Please replace `use_container_width` with `width`.

`use_container_width` will be removed after 2025-12-31.

For `use_container_width=True`, use `width='stretch'`. For `use_container_width=False`, use `width='content'`.
2026-05-28 05:03:22.093 Please replace `use_container_width` with `width`.

`use_container_width` will be removed after 2025-12-31.

For `use_container_width=True`, use `width='stretch'`. For `use_container_width=False`, use `width='content'`.
2026-05-28 05:03:24 | INFO     | steel_defect.inference    | Inference #56 | label=defect_1 | confidence=0.354 | time=2.9ms
2026-05-28 05:03:24.114 Please replace `use_container_width` with `width`.

`use_container_width` will be removed after 2025-12-31.

For `use_container_width=True`, use `width='stretch'`. For `use_container_width=False`, use `width='content'`.
2026-05-28 05:03:24.127 Please replace `use_container_width` with `width`.

`use_container_width` will be removed after 2025-12-31.

For `use_container_width=True`, use `width='stretch'`. For `use_container_width=False`, use `width='content'`.
2026-05-28 05:03:26 | INFO     | steel_defect.inference    | Inference #57 | label=defect_1 | confidence=0.285 | time=2.8ms
2026-05-28 05:03:26.146 Please replace `use_container_width` with `width`.

`use_container_width` will be removed after 2025-12-31.

For `use_container_width=True`, use `width='stretch'`. For `use_container_width=False`, use `width='content'`.
2026-05-28 05:03:26.159 Please replace `use_container_width` with `width`.

`use_container_width` will be removed after 2025-12-31.

For `use_container_width=True`, use `width='stretch'`. For `use_container_width=False`, use `width='content'`.
2026-05-28 05:03:28 | INFO     | steel_defect.inference    | Inference #58 | label=defect_1 | confidence=0.352 | time=5.0ms
2026-05-28 05:03:28.187 Please replace `use_container_width` with `width`.

`use_container_width` will be removed after 2025-12-31.

For `use_container_width=True`, use `width='stretch'`. For `use_container_width=False`, use `width='content'`.
2026-05-28 05:03:28.204 Please replace `use_container_width` with `width`.

`use_container_width` will be removed after 2025-12-31.

For `use_container_width=True`, use `width='stretch'`. For `use_container_width=False`, use `width='content'`.
2026-05-28 05:03:30 | INFO     | steel_defect.inference    | Inference #59 | label=defect_3 | confidence=0.297 | time=2.8ms
2026-05-28 05:03:30.227 Please replace `use_container_width` with `width`.

`use_container_width` will be removed after 2025-12-31.

For `use_container_width=True`, use `width='stretch'`. For `use_container_width=False`, use `width='content'`.
2026-05-28 05:03:30.240 Please replace `use_container_width` with `width`.

`use_container_width` will be removed after 2025-12-31.

For `use_container_width=True`, use `width='stretch'`. For `use_container_width=False`, use `width='content'`.
2026-05-28 05:03:32 | INFO     | steel_defect.inference    | Inference #60 | label=defect_2 | confidence=0.497 | time=2.7ms
2026-05-28 05:03:32.261 Please replace `use_container_width` with `width`.

`use_container_width` will be removed after 2025-12-31.

For `use_container_width=True`, use `width='stretch'`. For `use_container_width=False`, use `width='content'`.
2026-05-28 05:03:32.273 Please replace `use_container_width` with `width`.

`use_container_width` will be removed after 2025-12-31.

For `use_container_width=True`, use `width='stretch'`. For `use_container_width=False`, use `width='content'`.
2026-05-28 05:03:34 | INFO     | steel_defect.inference    | Inference #61 | label=defect_1 | confidence=0.375 | time=2.9ms
2026-05-28 05:03:34.294 Please replace `use_container_width` with `width`.

`use_container_width` will be removed after 2025-12-31.

For `use_container_width=True`, use `width='stretch'`. For `use_container_width=False`, use `width='content'`.
2026-05-28 05:03:34.307 Please replace `use_container_width` with `width`.

`use_container_width` will be removed after 2025-12-31.

For `use_container_width=True`, use `width='stretch'`. For `use_container_width=False`, use `width='content'`.
2026-05-28 05:03:36 | INFO     | steel_defect.inference    | Inference #62 | label=defect_3 | confidence=0.341 | time=3.1ms
2026-05-28 05:03:36.327 Please replace `use_container_width` with `width`.

`use_container_width` will be removed after 2025-12-31.

For `use_container_width=True`, use `width='stretch'`. For `use_container_width=False`, use `width='content'`.
2026-05-28 05:03:36.340 Please replace `use_container_width` with `width`.

`use_container_width` will be removed after 2025-12-31.

For `use_container_width=True`, use `width='stretch'`. For `use_container_width=False`, use `width='content'`.
2026-05-28 05:03:38 | INFO     | steel_defect.inference    | Inference #63 | label=defect_1 | confidence=0.315 | time=3.0ms
2026-05-28 05:03:38.362 Please replace `use_container_width` with `width`.

`use_container_width` will be removed after 2025-12-31.

For `use_container_width=True`, use `width='stretch'`. For `use_container_width=False`, use `width='content'`.
2026-05-28 05:03:38.375 Please replace `use_container_width` with `width`.

`use_container_width` will be removed after 2025-12-31.

For `use_container_width=True`, use `width='stretch'`. For `use_container_width=False`, use `width='content'`.
2026-05-28 05:03:40 | INFO     | steel_defect.inference    | Inference #64 | label=defect_1 | confidence=0.333 | time=3.3ms
2026-05-28 05:03:40.411 Please replace `use_container_width` with `width`.

`use_container_width` will be removed after 2025-12-31.

For `use_container_width=True`, use `width='stretch'`. For `use_container_width=False`, use `width='content'`.
2026-05-28 05:03:40.427 Please replace `use_container_width` with `width`.

`use_container_width` will be removed after 2025-12-31.

For `use_container_width=True`, use `width='stretch'`. For `use_container_width=False`, use `width='content'`.
2026-05-28 05:03:42 | INFO     | steel_defect.inference    | Inference #65 | label=no_defect | confidence=0.280 | time=4.8ms
2026-05-28 05:03:42.455 Please replace `use_container_width` with `width`.

`use_container_width` will be removed after 2025-12-31.

For `use_container_width=True`, use `width='stretch'`. For `use_container_width=False`, use `width='content'`.
2026-05-28 05:03:42.469 Please replace `use_container_width` with `width`.

`use_container_width` will be removed after 2025-12-31.

For `use_container_width=True`, use `width='stretch'`. For `use_container_width=False`, use `width='content'`.
2026-05-28 05:03:44 | INFO     | steel_defect.inference    | Inference #66 | label=defect_1 | confidence=0.349 | time=3.0ms
2026-05-28 05:03:44.495 Please replace `use_container_width` with `width`.

`use_container_width` will be removed after 2025-12-31.

For `use_container_width=True`, use `width='stretch'`. For `use_container_width=False`, use `width='content'`.
2026-05-28 05:03:44.507 Please replace `use_container_width` with `width`.

`use_container_width` will be removed after 2025-12-31.

For `use_container_width=True`, use `width='stretch'`. For `use_container_width=False`, use `width='content'`.
2026-05-28 05:03:46 | INFO     | steel_defect.inference    | Inference #67 | label=defect_1 | confidence=0.359 | time=2.7ms
2026-05-28 05:03:46.527 Please replace `use_container_width` with `width`.

`use_container_width` will be removed after 2025-12-31.

For `use_container_width=True`, use `width='stretch'`. For `use_container_width=False`, use `width='content'`.
2026-05-28 05:03:46.540 Please replace `use_container_width` with `width`.

`use_container_width` will be removed after 2025-12-31.

For `use_container_width=True`, use `width='stretch'`. For `use_container_width=False`, use `width='content'`.
2026-05-28 05:03:48 | INFO     | steel_defect.inference    | Inference #68 | label=defect_1 | confidence=0.339 | time=2.8ms
2026-05-28 05:03:48.560 Please replace `use_container_width` with `width`.

`use_container_width` will be removed after 2025-12-31.

For `use_container_width=True`, use `width='stretch'`. For `use_container_width=False`, use `width='content'`.
2026-05-28 05:03:48.574 Please replace `use_container_width` with `width`.

`use_container_width` will be removed after 2025-12-31.

For `use_container_width=True`, use `width='stretch'`. For `use_container_width=False`, use `width='content'`.
2026-05-28 05:03:50 | INFO     | steel_defect.inference    | Inference #69 | label=defect_2 | confidence=0.716 | time=3.9ms
2026-05-28 05:03:50.594 Please replace `use_container_width` with `width`.

`use_container_width` will be removed after 2025-12-31.

For `use_container_width=True`, use `width='stretch'`. For `use_container_width=False`, use `width='content'`.
2026-05-28 05:03:50.607 Please replace `use_container_width` with `width`.

`use_container_width` will be removed after 2025-12-31.

For `use_container_width=True`, use `width='stretch'`. For `use_container_width=False`, use `width='content'`.
2026-05-28 05:03:52 | INFO     | steel_defect.inference    | Inference #70 | label=defect_2 | confidence=0.522 | time=3.1ms
2026-05-28 05:03:52.627 Please replace `use_container_width` with `width`.

`use_container_width` will be removed after 2025-12-31.

For `use_container_width=True`, use `width='stretch'`. For `use_container_width=False`, use `width='content'`.
2026-05-28 05:03:52.641 Please replace `use_container_width` with `width`.

`use_container_width` will be removed after 2025-12-31.

For `use_container_width=True`, use `width='stretch'`. For `use_container_width=False`, use `width='content'`.
2026-05-28 05:03:54 | INFO     | steel_defect.inference    | Inference #71 | label=defect_1 | confidence=0.348 | time=3.2ms
2026-05-28 05:03:54.663 Please replace `use_container_width` with `width`.

`use_container_width` will be removed after 2025-12-31.

For `use_container_width=True`, use `width='stretch'`. For `use_container_width=False`, use `width='content'`.
2026-05-28 05:03:54.679 Please replace `use_container_width` with `width`.

`use_container_width` will be removed after 2025-12-31.

For `use_container_width=True`, use `width='stretch'`. For `use_container_width=False`, use `width='content'`.
2026-05-28 05:03:56 | INFO     | steel_defect.inference    | Inference #72 | label=defect_1 | confidence=0.313 | time=3.0ms
2026-05-28 05:03:56.702 Please replace `use_container_width` with `width`.

`use_container_width` will be removed after 2025-12-31.

For `use_container_width=True`, use `width='stretch'`. For `use_container_width=False`, use `width='content'`.
2026-05-28 05:03:56.714 Please replace `use_container_width` with `width`.

`use_container_width` will be removed after 2025-12-31.

For `use_container_width=True`, use `width='stretch'`. For `use_container_width=False`, use `width='content'`.
2026-05-28 05:03:58 | INFO     | steel_defect.inference    | Inference #73 | label=defect_1 | confidence=0.359 | time=2.8ms
2026-05-28 05:03:58.734 Please replace `use_container_width` with `width`.

`use_container_width` will be removed after 2025-12-31.

For `use_container_width=True`, use `width='stretch'`. For `use_container_width=False`, use `width='content'`.
2026-05-28 05:03:58.747 Please replace `use_container_width` with `width`.

`use_container_width` will be removed after 2025-12-31.

For `use_container_width=True`, use `width='stretch'`. For `use_container_width=False`, use `width='content'`.
2026-05-28 05:04:00 | INFO     | steel_defect.inference    | Inference #74 | label=defect_1 | confidence=0.321 | time=3.2ms
2026-05-28 05:04:00.768 Please replace `use_container_width` with `width`.

`use_container_width` will be removed after 2025-12-31.

For `use_container_width=True`, use `width='stretch'`. For `use_container_width=False`, use `width='content'`.
2026-05-28 05:04:00.780 Please replace `use_container_width` with `width`.

`use_container_width` will be removed after 2025-12-31.

For `use_container_width=True`, use `width='stretch'`. For `use_container_width=False`, use `width='content'`.
2026-05-28 05:04:02 | INFO     | steel_defect.inference    | Inference #75 | label=defect_1 | confidence=0.380 | time=2.7ms
2026-05-28 05:04:02.799 Please replace `use_container_width` with `width`.

`use_container_width` will be removed after 2025-12-31.

For `use_container_width=True`, use `width='stretch'`. For `use_container_width=False`, use `width='content'`.
2026-05-28 05:04:02.812 Please replace `use_container_width` with `width`.

`use_container_width` will be removed after 2025-12-31.

For `use_container_width=True`, use `width='stretch'`. For `use_container_width=False`, use `width='content'`.
2026-05-28 05:04:04 | INFO     | steel_defect.inference    | Inference #76 | label=defect_2 | confidence=0.484 | time=2.8ms
2026-05-28 05:04:04.830 Please replace `use_container_width` with `width`.

`use_container_width` will be removed after 2025-12-31.

For `use_container_width=True`, use `width='stretch'`. For `use_container_width=False`, use `width='content'`.
2026-05-28 05:04:04.843 Please replace `use_container_width` with `width`.

`use_container_width` will be removed after 2025-12-31.

For `use_container_width=True`, use `width='stretch'`. For `use_container_width=False`, use `width='content'`.
2026-05-28 05:04:06 | INFO     | steel_defect.inference    | Inference #77 | label=defect_1 | confidence=0.331 | time=4.1ms
2026-05-28 05:04:06.881 Please replace `use_container_width` with `width`.

`use_container_width` will be removed after 2025-12-31.

For `use_container_width=True`, use `width='stretch'`. For `use_container_width=False`, use `width='content'`.
2026-05-28 05:04:06.897 Please replace `use_container_width` with `width`.

`use_container_width` will be removed after 2025-12-31.

For `use_container_width=True`, use `width='stretch'`. For `use_container_width=False`, use `width='content'`.
2026-05-28 05:04:08 | INFO     | steel_defect.inference    | Inference #78 | label=defect_2 | confidence=0.499 | time=2.7ms
2026-05-28 05:04:08.918 Please replace `use_container_width` with `width`.

`use_container_width` will be removed after 2025-12-31.

For `use_container_width=True`, use `width='stretch'`. For `use_container_width=False`, use `width='content'`.
2026-05-28 05:04:08.931 Please replace `use_container_width` with `width`.

`use_container_width` will be removed after 2025-12-31.

For `use_container_width=True`, use `width='stretch'`. For `use_container_width=False`, use `width='content'`.
2026-05-28 05:04:10 | INFO     | steel_defect.inference    | Inference #79 | label=defect_2 | confidence=0.720 | time=3.7ms
2026-05-28 05:04:10.950 Please replace `use_container_width` with `width`.

`use_container_width` will be removed after 2025-12-31.

For `use_container_width=True`, use `width='stretch'`. For `use_container_width=False`, use `width='content'`.
2026-05-28 05:04:10.964 Please replace `use_container_width` with `width`.

`use_container_width` will be removed after 2025-12-31.

For `use_container_width=True`, use `width='stretch'`. For `use_container_width=False`, use `width='content'`.
2026-05-28 05:04:12 | INFO     | steel_defect.inference    | Inference #80 | label=no_defect | confidence=0.232 | time=2.8ms
2026-05-28 05:04:12.985 Please replace `use_container_width` with `width`.

`use_container_width` will be removed after 2025-12-31.

For `use_container_width=True`, use `width='stretch'`. For `use_container_width=False`, use `width='content'`.
2026-05-28 05:04:12.998 Please replace `use_container_width` with `width`.

`use_container_width` will be removed after 2025-12-31.

For `use_container_width=True`, use `width='stretch'`. For `use_container_width=False`, use `width='content'`.
2026-05-28 05:04:15 | INFO     | steel_defect.inference    | Inference #81 | label=defect_2 | confidence=0.332 | time=2.7ms
2026-05-28 05:04:15.017 Please replace `use_container_width` with `width`.

`use_container_width` will be removed after 2025-12-31.

For `use_container_width=True`, use `width='stretch'`. For `use_container_width=False`, use `width='content'`.
2026-05-28 05:04:15.030 Please replace `use_container_width` with `width`.

`use_container_width` will be removed after 2025-12-31.

For `use_container_width=True`, use `width='stretch'`. For `use_container_width=False`, use `width='content'`.
2026-05-28 05:04:17 | INFO     | steel_defect.inference    | Inference #82 | label=defect_1 | confidence=0.369 | time=2.8ms
2026-05-28 05:04:17.051 Please replace `use_container_width` with `width`.

`use_container_width` will be removed after 2025-12-31.

For `use_container_width=True`, use `width='stretch'`. For `use_container_width=False`, use `width='content'`.
2026-05-28 05:04:17.063 Please replace `use_container_width` with `width`.

`use_container_width` will be removed after 2025-12-31.

For `use_container_width=True`, use `width='stretch'`. For `use_container_width=False`, use `width='content'`.
2026-05-28 05:04:19 | INFO     | steel_defect.inference    | Inference #83 | label=defect_1 | confidence=0.299 | time=3.8ms
2026-05-28 05:04:19.087 Please replace `use_container_width` with `width`.

`use_container_width` will be removed after 2025-12-31.

For `use_container_width=True`, use `width='stretch'`. For `use_container_width=False`, use `width='content'`.
2026-05-28 05:04:19.103 Please replace `use_container_width` with `width`.

`use_container_width` will be removed after 2025-12-31.

For `use_container_width=True`, use `width='stretch'`. For `use_container_width=False`, use `width='content'`.
2026-05-28 05:04:21 | INFO     | steel_defect.inference    | Inference #84 | label=defect_1 | confidence=0.368 | time=3.0ms
2026-05-28 05:04:21.127 Please replace `use_container_width` with `width`.

`use_container_width` will be removed after 2025-12-31.

For `use_container_width=True`, use `width='stretch'`. For `use_container_width=False`, use `width='content'`.
2026-05-28 05:04:21.140 Please replace `use_container_width` with `width`.

`use_container_width` will be removed after 2025-12-31.

For `use_container_width=True`, use `width='stretch'`. For `use_container_width=False`, use `width='content'`.
2026-05-28 05:04:23 | INFO     | steel_defect.inference    | Inference #85 | label=defect_1 | confidence=0.306 | time=2.6ms
2026-05-28 05:04:23.172 Please replace `use_container_width` with `width`.

`use_container_width` will be removed after 2025-12-31.

For `use_container_width=True`, use `width='stretch'`. For `use_container_width=False`, use `width='content'`.
2026-05-28 05:04:23.185 Please replace `use_container_width` with `width`.

`use_container_width` will be removed after 2025-12-31.

For `use_container_width=True`, use `width='stretch'`. For `use_container_width=False`, use `width='content'`.
2026-05-28 05:04:25 | INFO     | steel_defect.inference    | Inference #86 | label=defect_1 | confidence=0.317 | time=3.0ms
2026-05-28 05:04:25.205 Please replace `use_container_width` with `width`.

`use_container_width` will be removed after 2025-12-31.

For `use_container_width=True`, use `width='stretch'`. For `use_container_width=False`, use `width='content'`.
2026-05-28 05:04:25.217 Please replace `use_container_width` with `width`.

`use_container_width` will be removed after 2025-12-31.

For `use_container_width=True`, use `width='stretch'`. For `use_container_width=False`, use `width='content'`.
2026-05-28 05:04:27 | INFO     | steel_defect.inference    | Inference #87 | label=defect_4 | confidence=0.323 | time=2.9ms
2026-05-28 05:04:27.237 Please replace `use_container_width` with `width`.

`use_container_width` will be removed after 2025-12-31.

For `use_container_width=True`, use `width='stretch'`. For `use_container_width=False`, use `width='content'`.
2026-05-28 05:04:27.250 Please replace `use_container_width` with `width`.

`use_container_width` will be removed after 2025-12-31.

For `use_container_width=True`, use `width='stretch'`. For `use_container_width=False`, use `width='content'`.
2026-05-28 05:04:29 | INFO     | steel_defect.inference    | Inference #88 | label=defect_1 | confidence=0.383 | time=2.9ms
2026-05-28 05:04:29.272 Please replace `use_container_width` with `width`.

`use_container_width` will be removed after 2025-12-31.

For `use_container_width=True`, use `width='stretch'`. For `use_container_width=False`, use `width='content'`.
2026-05-28 05:04:29.285 Please replace `use_container_width` with `width`.

`use_container_width` will be removed after 2025-12-31.

For `use_container_width=True`, use `width='stretch'`. For `use_container_width=False`, use `width='content'`.
2026-05-28 05:04:31 | INFO     | steel_defect.inference    | Inference #89 | label=defect_2 | confidence=0.280 | time=3.2ms
2026-05-28 05:04:31.307 Please replace `use_container_width` with `width`.

`use_container_width` will be removed after 2025-12-31.

For `use_container_width=True`, use `width='stretch'`. For `use_container_width=False`, use `width='content'`.
2026-05-28 05:04:31.322 Please replace `use_container_width` with `width`.

`use_container_width` will be removed after 2025-12-31.

For `use_container_width=True`, use `width='stretch'`. For `use_container_width=False`, use `width='content'`.
2026-05-28 05:04:33 | INFO     | steel_defect.inference    | Inference #90 | label=defect_2 | confidence=0.532 | time=2.9ms
2026-05-28 05:04:33.345 Please replace `use_container_width` with `width`.

`use_container_width` will be removed after 2025-12-31.

For `use_container_width=True`, use `width='stretch'`. For `use_container_width=False`, use `width='content'`.
2026-05-28 05:04:33.358 Please replace `use_container_width` with `width`.

`use_container_width` will be removed after 2025-12-31.

For `use_container_width=True`, use `width='stretch'`. For `use_container_width=False`, use `width='content'`.
2026-05-28 05:04:35 | INFO     | steel_defect.inference    | Inference #91 | label=defect_1 | confidence=0.357 | time=2.7ms
2026-05-28 05:04:35.378 Please replace `use_container_width` with `width`.

`use_container_width` will be removed after 2025-12-31.

For `use_container_width=True`, use `width='stretch'`. For `use_container_width=False`, use `width='content'`.
2026-05-28 05:04:35.391 Please replace `use_container_width` with `width`.

`use_container_width` will be removed after 2025-12-31.

For `use_container_width=True`, use `width='stretch'`. For `use_container_width=False`, use `width='content'`.
2026-05-28 05:04:37 | INFO     | steel_defect.inference    | Inference #92 | label=defect_2 | confidence=0.698 | time=2.7ms
2026-05-28 05:04:37.409 Please replace `use_container_width` with `width`.

`use_container_width` will be removed after 2025-12-31.

For `use_container_width=True`, use `width='stretch'`. For `use_container_width=False`, use `width='content'`.
2026-05-28 05:04:37.420 Please replace `use_container_width` with `width`.

`use_container_width` will be removed after 2025-12-31.

For `use_container_width=True`, use `width='stretch'`. For `use_container_width=False`, use `width='content'`.
2026-05-28 05:04:39 | INFO     | steel_defect.inference    | Inference #93 | label=defect_2 | confidence=0.400 | time=3.4ms
2026-05-28 05:04:39.439 Please replace `use_container_width` with `width`.

`use_container_width` will be removed after 2025-12-31.

For `use_container_width=True`, use `width='stretch'`. For `use_container_width=False`, use `width='content'`.
2026-05-28 05:04:39.453 Please replace `use_container_width` with `width`.

`use_container_width` will be removed after 2025-12-31.

For `use_container_width=True`, use `width='stretch'`. For `use_container_width=False`, use `width='content'`.
2026-05-28 05:04:41 | INFO     | steel_defect.inference    | Inference #94 | label=defect_2 | confidence=0.474 | time=2.8ms
2026-05-28 05:04:41.472 Please replace `use_container_width` with `width`.

`use_container_width` will be removed after 2025-12-31.

For `use_container_width=True`, use `width='stretch'`. For `use_container_width=False`, use `width='content'`.
2026-05-28 05:04:41.485 Please replace `use_container_width` with `width`.

`use_container_width` will be removed after 2025-12-31.

For `use_container_width=True`, use `width='stretch'`. For `use_container_width=False`, use `width='content'`.
2026-05-28 05:04:43 | INFO     | steel_defect.inference    | Inference #95 | label=defect_2 | confidence=0.615 | time=3.4ms
2026-05-28 05:04:43.504 Please replace `use_container_width` with `width`.

`use_container_width` will be removed after 2025-12-31.

For `use_container_width=True`, use `width='stretch'`. For `use_container_width=False`, use `width='content'`.
2026-05-28 05:04:43.519 Please replace `use_container_width` with `width`.

`use_container_width` will be removed after 2025-12-31.

For `use_container_width=True`, use `width='stretch'`. For `use_container_width=False`, use `width='content'`.
2026-05-28 05:04:45 | INFO     | steel_defect.inference    | Inference #96 | label=defect_1 | confidence=0.339 | time=3.8ms
2026-05-28 05:04:45.553 Please replace `use_container_width` with `width`.

`use_container_width` will be removed after 2025-12-31.

For `use_container_width=True`, use `width='stretch'`. For `use_container_width=False`, use `width='content'`.
2026-05-28 05:04:45.569 Please replace `use_container_width` with `width`.

`use_container_width` will be removed after 2025-12-31.

For `use_container_width=True`, use `width='stretch'`. For `use_container_width=False`, use `width='content'`.
2026-05-28 05:04:47 | INFO     | steel_defect.inference    | Inference #97 | label=defect_1 | confidence=0.263 | time=3.2ms
2026-05-28 05:04:47.594 Please replace `use_container_width` with `width`.

`use_container_width` will be removed after 2025-12-31.

For `use_container_width=True`, use `width='stretch'`. For `use_container_width=False`, use `width='content'`.
2026-05-28 05:04:47.607 Please replace `use_container_width` with `width`.

`use_container_width` will be removed after 2025-12-31.

For `use_container_width=True`, use `width='stretch'`. For `use_container_width=False`, use `width='content'`.
2026-05-28 05:04:49 | INFO     | steel_defect.inference    | Inference #98 | label=defect_1 | confidence=0.382 | time=2.8ms
2026-05-28 05:04:49.627 Please replace `use_container_width` with `width`.

`use_container_width` will be removed after 2025-12-31.

For `use_container_width=True`, use `width='stretch'`. For `use_container_width=False`, use `width='content'`.
2026-05-28 05:04:49.643 Please replace `use_container_width` with `width`.

`use_container_width` will be removed after 2025-12-31.

For `use_container_width=True`, use `width='stretch'`. For `use_container_width=False`, use `width='content'`.
2026-05-28 05:04:51 | INFO     | steel_defect.inference    | Inference #99 | label=defect_1 | confidence=0.378 | time=2.8ms
2026-05-28 05:04:51.664 Please replace `use_container_width` with `width`.

`use_container_width` will be removed after 2025-12-31.

For `use_container_width=True`, use `width='stretch'`. For `use_container_width=False`, use `width='content'`.
2026-05-28 05:04:51.676 Please replace `use_container_width` with `width`.

`use_container_width` will be removed after 2025-12-31.

For `use_container_width=True`, use `width='stretch'`. For `use_container_width=False`, use `width='content'`.
2026-05-28 05:04:53 | INFO     | steel_defect.inference    | Inference #100 | label=defect_2 | confidence=0.477 | time=3.4ms
2026-05-28 05:04:53.698 Please replace `use_container_width` with `width`.

`use_container_width` will be removed after 2025-12-31.

For `use_container_width=True`, use `width='stretch'`. For `use_container_width=False`, use `width='content'`.
2026-05-28 05:04:53.711 Please replace `use_container_width` with `width`.

`use_container_width` will be removed after 2025-12-31.

For `use_container_width=True`, use `width='stretch'`. For `use_container_width=False`, use `width='content'`.
2026-05-28 05:04:55 | INFO     | steel_defect.inference    | Inference #101 | label=defect_1 | confidence=0.393 | time=4.0ms
2026-05-28 05:04:55.738 Please replace `use_container_width` with `width`.

`use_container_width` will be removed after 2025-12-31.

For `use_container_width=True`, use `width='stretch'`. For `use_container_width=False`, use `width='content'`.
2026-05-28 05:04:55.757 Please replace `use_container_width` with `width`.

`use_container_width` will be removed after 2025-12-31.

For `use_container_width=True`, use `width='stretch'`. For `use_container_width=False`, use `width='content'`.
2026-05-28 05:04:57 | INFO     | steel_defect.inference    | Inference #102 | label=defect_1 | confidence=0.337 | time=4.1ms
2026-05-28 05:04:57.785 Please replace `use_container_width` with `width`.

`use_container_width` will be removed after 2025-12-31.

For `use_container_width=True`, use `width='stretch'`. For `use_container_width=False`, use `width='content'`.
2026-05-28 05:04:57.805 Please replace `use_container_width` with `width`.

`use_container_width` will be removed after 2025-12-31.

For `use_container_width=True`, use `width='stretch'`. For `use_container_width=False`, use `width='content'`.
2026-05-28 05:04:59 | INFO     | steel_defect.inference    | Inference #103 | label=defect_1 | confidence=0.377 | time=2.7ms
2026-05-28 05:04:59.831 Please replace `use_container_width` with `width`.

`use_container_width` will be removed after 2025-12-31.

For `use_container_width=True`, use `width='stretch'`. For `use_container_width=False`, use `width='content'`.
2026-05-28 05:04:59.846 Please replace `use_container_width` with `width`.

`use_container_width` will be removed after 2025-12-31.

For `use_container_width=True`, use `width='stretch'`. For `use_container_width=False`, use `width='content'`.
2026-05-28 05:05:01 | INFO     | steel_defect.inference    | Inference #104 | label=defect_2 | confidence=0.475 | time=2.9ms
2026-05-28 05:05:01.871 Please replace `use_container_width` with `width`.

`use_container_width` will be removed after 2025-12-31.

For `use_container_width=True`, use `width='stretch'`. For `use_container_width=False`, use `width='content'`.
2026-05-28 05:05:01.883 Please replace `use_container_width` with `width`.

`use_container_width` will be removed after 2025-12-31.

For `use_container_width=True`, use `width='stretch'`. For `use_container_width=False`, use `width='content'`.
2026-05-28 05:05:03 | INFO     | steel_defect.inference    | Inference #105 | label=defect_2 | confidence=0.503 | time=2.8ms
2026-05-28 05:05:03.902 Please replace `use_container_width` with `width`.

`use_container_width` will be removed after 2025-12-31.

For `use_container_width=True`, use `width='stretch'`. For `use_container_width=False`, use `width='content'`.
2026-05-28 05:05:03.915 Please replace `use_container_width` with `width`.

`use_container_width` will be removed after 2025-12-31.

For `use_container_width=True`, use `width='stretch'`. For `use_container_width=False`, use `width='content'`.
2026-05-28 05:05:05 | INFO     | steel_defect.inference    | Inference #106 | label=defect_2 | confidence=0.716 | time=3.3ms
2026-05-28 05:05:05.934 Please replace `use_container_width` with `width`.

`use_container_width` will be removed after 2025-12-31.

For `use_container_width=True`, use `width='stretch'`. For `use_container_width=False`, use `width='content'`.
2026-05-28 05:05:05.946 Please replace `use_container_width` with `width`.

`use_container_width` will be removed after 2025-12-31.

For `use_container_width=True`, use `width='stretch'`. For `use_container_width=False`, use `width='content'`.
2026-05-28 05:05:07 | INFO     | steel_defect.inference    | Inference #107 | label=defect_1 | confidence=0.399 | time=3.1ms
2026-05-28 05:05:07.967 Please replace `use_container_width` with `width`.

`use_container_width` will be removed after 2025-12-31.

For `use_container_width=True`, use `width='stretch'`. For `use_container_width=False`, use `width='content'`.
2026-05-28 05:05:07.979 Please replace `use_container_width` with `width`.

`use_container_width` will be removed after 2025-12-31.

For `use_container_width=True`, use `width='stretch'`. For `use_container_width=False`, use `width='content'`.
2026-05-28 05:05:09 | INFO     | steel_defect.inference    | Inference #108 | label=defect_1 | confidence=0.316 | time=3.2ms
2026-05-28 05:05:10.000 Please replace `use_container_width` with `width`.

`use_container_width` will be removed after 2025-12-31.

For `use_container_width=True`, use `width='stretch'`. For `use_container_width=False`, use `width='content'`.
2026-05-28 05:05:10.017 Please replace `use_container_width` with `width`.

`use_container_width` will be removed after 2025-12-31.

For `use_container_width=True`, use `width='stretch'`. For `use_container_width=False`, use `width='content'`.
2026-05-28 05:05:12 | INFO     | steel_defect.inference    | Inference #109 | label=defect_1 | confidence=0.362 | time=2.6ms
2026-05-28 05:05:12.041 Please replace `use_container_width` with `width`.

`use_container_width` will be removed after 2025-12-31.

For `use_container_width=True`, use `width='stretch'`. For `use_container_width=False`, use `width='content'`.
2026-05-28 05:05:12.054 Please replace `use_container_width` with `width`.

`use_container_width` will be removed after 2025-12-31.

For `use_container_width=True`, use `width='stretch'`. For `use_container_width=False`, use `width='content'`.
2026-05-28 05:05:14 | INFO     | steel_defect.inference    | Inference #110 | label=defect_2 | confidence=0.505 | time=2.7ms
2026-05-28 05:05:14.073 Please replace `use_container_width` with `width`.

`use_container_width` will be removed after 2025-12-31.

For `use_container_width=True`, use `width='stretch'`. For `use_container_width=False`, use `width='content'`.
2026-05-28 05:05:14.086 Please replace `use_container_width` with `width`.

`use_container_width` will be removed after 2025-12-31.

For `use_container_width=True`, use `width='stretch'`. For `use_container_width=False`, use `width='content'`.
2026-05-28 05:05:16 | INFO     | steel_defect.inference    | Inference #111 | label=no_defect | confidence=0.405 | time=2.9ms
2026-05-28 05:05:16.105 Please replace `use_container_width` with `width`.

`use_container_width` will be removed after 2025-12-31.

For `use_container_width=True`, use `width='stretch'`. For `use_container_width=False`, use `width='content'`.
2026-05-28 05:05:16.118 Please replace `use_container_width` with `width`.

`use_container_width` will be removed after 2025-12-31.

For `use_container_width=True`, use `width='stretch'`. For `use_container_width=False`, use `width='content'`.
2026-05-28 05:05:18 | INFO     | steel_defect.inference    | Inference #112 | label=defect_1 | confidence=0.347 | time=3.2ms
2026-05-28 05:05:18.139 Please replace `use_container_width` with `width`.

`use_container_width` will be removed after 2025-12-31.

For `use_container_width=True`, use `width='stretch'`. For `use_container_width=False`, use `width='content'`.
2026-05-28 05:05:18.152 Please replace `use_container_width` with `width`.

`use_container_width` will be removed after 2025-12-31.

For `use_container_width=True`, use `width='stretch'`. For `use_container_width=False`, use `width='content'`.
2026-05-28 05:05:20 | INFO     | steel_defect.inference    | Inference #113 | label=defect_2 | confidence=0.459 | time=2.8ms
2026-05-28 05:05:20.171 Please replace `use_container_width` with `width`.

`use_container_width` will be removed after 2025-12-31.

For `use_container_width=True`, use `width='stretch'`. For `use_container_width=False`, use `width='content'`.
2026-05-28 05:05:20.184 Please replace `use_container_width` with `width`.

`use_container_width` will be removed after 2025-12-31.

For `use_container_width=True`, use `width='stretch'`. For `use_container_width=False`, use `width='content'`.
2026-05-28 05:05:22 | INFO     | steel_defect.inference    | Inference #114 | label=defect_1 | confidence=0.378 | time=3.6ms
2026-05-28 05:05:22.204 Please replace `use_container_width` with `width`.

`use_container_width` will be removed after 2025-12-31.

For `use_container_width=True`, use `width='stretch'`. For `use_container_width=False`, use `width='content'`.
2026-05-28 05:05:22.220 Please replace `use_container_width` with `width`.

`use_container_width` will be removed after 2025-12-31.

For `use_container_width=True`, use `width='stretch'`. For `use_container_width=False`, use `width='content'`.
2026-05-28 05:05:24 | INFO     | steel_defect.inference    | Inference #115 | label=no_defect | confidence=0.269 | time=2.9ms
2026-05-28 05:05:24.244 Please replace `use_container_width` with `width`.

`use_container_width` will be removed after 2025-12-31.

For `use_container_width=True`, use `width='stretch'`. For `use_container_width=False`, use `width='content'`.
2026-05-28 05:05:24.257 Please replace `use_container_width` with `width`.

`use_container_width` will be removed after 2025-12-31.

For `use_container_width=True`, use `width='stretch'`. For `use_container_width=False`, use `width='content'`.
2026-05-28 05:05:26 | INFO     | steel_defect.inference    | Inference #116 | label=defect_1 | confidence=0.435 | time=3.6ms
2026-05-28 05:05:26.279 Please replace `use_container_width` with `width`.

`use_container_width` will be removed after 2025-12-31.

For `use_container_width=True`, use `width='stretch'`. For `use_container_width=False`, use `width='content'`.
2026-05-28 05:05:26.294 Please replace `use_container_width` with `width`.

`use_container_width` will be removed after 2025-12-31.

For `use_container_width=True`, use `width='stretch'`. For `use_container_width=False`, use `width='content'`.
2026-05-28 05:05:28 | INFO     | steel_defect.inference    | Inference #117 | label=defect_2 | confidence=0.610 | time=3.6ms
2026-05-28 05:05:28.313 Please replace `use_container_width` with `width`.

`use_container_width` will be removed after 2025-12-31.

For `use_container_width=True`, use `width='stretch'`. For `use_container_width=False`, use `width='content'`.
2026-05-28 05:05:28.326 Please replace `use_container_width` with `width`.

`use_container_width` will be removed after 2025-12-31.

For `use_container_width=True`, use `width='stretch'`. For `use_container_width=False`, use `width='content'`.
2026-05-28 05:05:30 | INFO     | steel_defect.inference    | Inference #118 | label=no_defect | confidence=0.339 | time=2.8ms
2026-05-28 05:05:30.345 Please replace `use_container_width` with `width`.

`use_container_width` will be removed after 2025-12-31.

For `use_container_width=True`, use `width='stretch'`. For `use_container_width=False`, use `width='content'`.
2026-05-28 05:05:30.359 Please replace `use_container_width` with `width`.

`use_container_width` will be removed after 2025-12-31.

For `use_container_width=True`, use `width='stretch'`. For `use_container_width=False`, use `width='content'`.
2026-05-28 05:05:32 | INFO     | steel_defect.inference    | Inference #119 | label=defect_2 | confidence=0.512 | time=3.0ms
2026-05-28 05:05:32.379 Please replace `use_container_width` with `width`.

`use_container_width` will be removed after 2025-12-31.

For `use_container_width=True`, use `width='stretch'`. For `use_container_width=False`, use `width='content'`.
2026-05-28 05:05:32.392 Please replace `use_container_width` with `width`.

`use_container_width` will be removed after 2025-12-31.

For `use_container_width=True`, use `width='stretch'`. For `use_container_width=False`, use `width='content'`.
2026-05-28 05:05:34 | INFO     | steel_defect.inference    | Inference #120 | label=defect_1 | confidence=0.269 | time=3.7ms
2026-05-28 05:05:34.415 Please replace `use_container_width` with `width`.

`use_container_width` will be removed after 2025-12-31.

For `use_container_width=True`, use `width='stretch'`. For `use_container_width=False`, use `width='content'`.
2026-05-28 05:05:34.434 Please replace `use_container_width` with `width`.

`use_container_width` will be removed after 2025-12-31.

For `use_container_width=True`, use `width='stretch'`. For `use_container_width=False`, use `width='content'`.
2026-05-28 05:05:36 | INFO     | steel_defect.inference    | Inference #121 | label=defect_2 | confidence=0.705 | time=2.7ms
2026-05-28 05:05:36.456 Please replace `use_container_width` with `width`.

`use_container_width` will be removed after 2025-12-31.

For `use_container_width=True`, use `width='stretch'`. For `use_container_width=False`, use `width='content'`.
2026-05-28 05:05:36.470 Please replace `use_container_width` with `width`.

`use_container_width` will be removed after 2025-12-31.

For `use_container_width=True`, use `width='stretch'`. For `use_container_width=False`, use `width='content'`.
2026-05-28 05:05:38 | INFO     | steel_defect.inference    | Inference #122 | label=defect_2 | confidence=0.511 | time=2.7ms
2026-05-28 05:05:38.490 Please replace `use_container_width` with `width`.

`use_container_width` will be removed after 2025-12-31.

For `use_container_width=True`, use `width='stretch'`. For `use_container_width=False`, use `width='content'`.
2026-05-28 05:05:38.502 Please replace `use_container_width` with `width`.

`use_container_width` will be removed after 2025-12-31.

For `use_container_width=True`, use `width='stretch'`. For `use_container_width=False`, use `width='content'`.
2026-05-28 05:05:40 | INFO     | steel_defect.inference    | Inference #123 | label=defect_1 | confidence=0.365 | time=3.1ms
2026-05-28 05:05:40.524 Please replace `use_container_width` with `width`.

`use_container_width` will be removed after 2025-12-31.

For `use_container_width=True`, use `width='stretch'`. For `use_container_width=False`, use `width='content'`.
2026-05-28 05:05:40.537 Please replace `use_container_width` with `width`.

`use_container_width` will be removed after 2025-12-31.

For `use_container_width=True`, use `width='stretch'`. For `use_container_width=False`, use `width='content'`.
2026-05-28 05:05:42 | INFO     | steel_defect.inference    | Inference #124 | label=defect_2 | confidence=0.507 | time=3.0ms
2026-05-28 05:05:42.570 Please replace `use_container_width` with `width`.

`use_container_width` will be removed after 2025-12-31.

For `use_container_width=True`, use `width='stretch'`. For `use_container_width=False`, use `width='content'`.
2026-05-28 05:05:42.583 Please replace `use_container_width` with `width`.

`use_container_width` will be removed after 2025-12-31.

For `use_container_width=True`, use `width='stretch'`. For `use_container_width=False`, use `width='content'`.
2026-05-28 05:05:44 | INFO     | steel_defect.inference    | Inference #125 | label=defect_3 | confidence=0.277 | time=3.0ms
2026-05-28 05:05:44.605 Please replace `use_container_width` with `width`.

`use_container_width` will be removed after 2025-12-31.

For `use_container_width=True`, use `width='stretch'`. For `use_container_width=False`, use `width='content'`.
2026-05-28 05:05:44.618 Please replace `use_container_width` with `width`.

`use_container_width` will be removed after 2025-12-31.

For `use_container_width=True`, use `width='stretch'`. For `use_container_width=False`, use `width='content'`.
2026-05-28 05:05:46 | INFO     | steel_defect.inference    | Inference #126 | label=no_defect | confidence=0.409 | time=4.0ms
2026-05-28 05:05:46.646 Please replace `use_container_width` with `width`.

`use_container_width` will be removed after 2025-12-31.

For `use_container_width=True`, use `width='stretch'`. For `use_container_width=False`, use `width='content'`.
2026-05-28 05:05:46.662 Please replace `use_container_width` with `width`.

`use_container_width` will be removed after 2025-12-31.

For `use_container_width=True`, use `width='stretch'`. For `use_container_width=False`, use `width='content'`.
2026-05-28 05:05:48 | INFO     | steel_defect.inference    | Inference #127 | label=defect_1 | confidence=0.312 | time=3.6ms
2026-05-28 05:05:48.687 Please replace `use_container_width` with `width`.

`use_container_width` will be removed after 2025-12-31.

For `use_container_width=True`, use `width='stretch'`. For `use_container_width=False`, use `width='content'`.
2026-05-28 05:05:48.701 Please replace `use_container_width` with `width`.

`use_container_width` will be removed after 2025-12-31.

For `use_container_width=True`, use `width='stretch'`. For `use_container_width=False`, use `width='content'`.
2026-05-28 05:05:50 | INFO     | steel_defect.inference    | Inference #128 | label=defect_4 | confidence=0.343 | time=2.8ms
2026-05-28 05:05:50.720 Please replace `use_container_width` with `width`.

`use_container_width` will be removed after 2025-12-31.

For `use_container_width=True`, use `width='stretch'`. For `use_container_width=False`, use `width='content'`.
2026-05-28 05:05:50.732 Please replace `use_container_width` with `width`.

`use_container_width` will be removed after 2025-12-31.

For `use_container_width=True`, use `width='stretch'`. For `use_container_width=False`, use `width='content'`.
2026-05-28 05:05:52 | INFO     | steel_defect.inference    | Inference #129 | label=defect_1 | confidence=0.276 | time=2.9ms
2026-05-28 05:05:52.753 Please replace `use_container_width` with `width`.

`use_container_width` will be removed after 2025-12-31.

For `use_container_width=True`, use `width='stretch'`. For `use_container_width=False`, use `width='content'`.
2026-05-28 05:05:52.766 Please replace `use_container_width` with `width`.

`use_container_width` will be removed after 2025-12-31.

For `use_container_width=True`, use `width='stretch'`. For `use_container_width=False`, use `width='content'`.
2026-05-28 05:05:54 | INFO     | steel_defect.inference    | Inference #130 | label=defect_2 | confidence=0.524 | time=2.7ms
2026-05-28 05:05:54.785 Please replace `use_container_width` with `width`.

`use_container_width` will be removed after 2025-12-31.

For `use_container_width=True`, use `width='stretch'`. For `use_container_width=False`, use `width='content'`.
2026-05-28 05:05:54.798 Please replace `use_container_width` with `width`.

`use_container_width` will be removed after 2025-12-31.

For `use_container_width=True`, use `width='stretch'`. For `use_container_width=False`, use `width='content'`.
2026-05-28 05:05:56 | INFO     | steel_defect.inference    | Inference #131 | label=defect_1 | confidence=0.337 | time=2.9ms
2026-05-28 05:05:56.819 Please replace `use_container_width` with `width`.

`use_container_width` will be removed after 2025-12-31.

For `use_container_width=True`, use `width='stretch'`. For `use_container_width=False`, use `width='content'`.
2026-05-28 05:05:56.831 Please replace `use_container_width` with `width`.

`use_container_width` will be removed after 2025-12-31.

For `use_container_width=True`, use `width='stretch'`. For `use_container_width=False`, use `width='content'`.
2026-05-28 05:05:58 | INFO     | steel_defect.inference    | Inference #132 | label=defect_1 | confidence=0.389 | time=4.3ms
2026-05-28 05:05:58.855 Please replace `use_container_width` with `width`.

`use_container_width` will be removed after 2025-12-31.

For `use_container_width=True`, use `width='stretch'`. For `use_container_width=False`, use `width='content'`.
2026-05-28 05:05:58.871 Please replace `use_container_width` with `width`.

`use_container_width` will be removed after 2025-12-31.

For `use_container_width=True`, use `width='stretch'`. For `use_container_width=False`, use `width='content'`.
2026-05-28 05:06:00 | INFO     | steel_defect.inference    | Inference #133 | label=defect_4 | confidence=0.326 | time=3.6ms
2026-05-28 05:06:00.903 Please replace `use_container_width` with `width`.

`use_container_width` will be removed after 2025-12-31.

For `use_container_width=True`, use `width='stretch'`. For `use_container_width=False`, use `width='content'`.
2026-05-28 05:06:00.920 Please replace `use_container_width` with `width`.

`use_container_width` will be removed after 2025-12-31.

For `use_container_width=True`, use `width='stretch'`. For `use_container_width=False`, use `width='content'`.
2026-05-28 05:06:02 | INFO     | steel_defect.inference    | Inference #134 | label=defect_1 | confidence=0.331 | time=2.8ms
2026-05-28 05:06:02.944 Please replace `use_container_width` with `width`.

`use_container_width` will be removed after 2025-12-31.

For `use_container_width=True`, use `width='stretch'`. For `use_container_width=False`, use `width='content'`.
2026-05-28 05:06:02.957 Please replace `use_container_width` with `width`.

`use_container_width` will be removed after 2025-12-31.

For `use_container_width=True`, use `width='stretch'`. For `use_container_width=False`, use `width='content'`.
2026-05-28 05:06:04 | INFO     | steel_defect.inference    | Inference #135 | label=defect_1 | confidence=0.378 | time=2.9ms
2026-05-28 05:06:04.978 Please replace `use_container_width` with `width`.

`use_container_width` will be removed after 2025-12-31.

For `use_container_width=True`, use `width='stretch'`. For `use_container_width=False`, use `width='content'`.
2026-05-28 05:06:04.991 Please replace `use_container_width` with `width`.

`use_container_width` will be removed after 2025-12-31.

For `use_container_width=True`, use `width='stretch'`. For `use_container_width=False`, use `width='content'`.
2026-05-28 05:06:07 | INFO     | steel_defect.inference    | Inference #136 | label=defect_1 | confidence=0.403 | time=2.9ms
2026-05-28 05:06:07.012 Please replace `use_container_width` with `width`.

`use_container_width` will be removed after 2025-12-31.

For `use_container_width=True`, use `width='stretch'`. For `use_container_width=False`, use `width='content'`.
2026-05-28 05:06:07.025 Please replace `use_container_width` with `width`.

`use_container_width` will be removed after 2025-12-31.

For `use_container_width=True`, use `width='stretch'`. For `use_container_width=False`, use `width='content'`.
2026-05-28 05:06:09 | INFO     | steel_defect.inference    | Inference #137 | label=defect_1 | confidence=0.391 | time=2.8ms
2026-05-28 05:06:09.045 Please replace `use_container_width` with `width`.

`use_container_width` will be removed after 2025-12-31.

For `use_container_width=True`, use `width='stretch'`. For `use_container_width=False`, use `width='content'`.
2026-05-28 05:06:09.058 Please replace `use_container_width` with `width`.

`use_container_width` will be removed after 2025-12-31.

For `use_container_width=True`, use `width='stretch'`. For `use_container_width=False`, use `width='content'`.
2026-05-28 05:06:11 | INFO     | steel_defect.inference    | Inference #138 | label=defect_2 | confidence=0.371 | time=2.8ms
2026-05-28 05:06:11.077 Please replace `use_container_width` with `width`.

`use_container_width` will be removed after 2025-12-31.

For `use_container_width=True`, use `width='stretch'`. For `use_container_width=False`, use `width='content'`.
2026-05-28 05:06:11.090 Please replace `use_container_width` with `width`.

`use_container_width` will be removed after 2025-12-31.

For `use_container_width=True`, use `width='stretch'`. For `use_container_width=False`, use `width='content'`.
2026-05-28 05:06:13 | INFO     | steel_defect.inference    | Inference #139 | label=defect_2 | confidence=0.493 | time=3.2ms
2026-05-28 05:06:13.110 Please replace `use_container_width` with `width`.

`use_container_width` will be removed after 2025-12-31.

For `use_container_width=True`, use `width='stretch'`. For `use_container_width=False`, use `width='content'`.
2026-05-28 05:06:13.124 Please replace `use_container_width` with `width`.

`use_container_width` will be removed after 2025-12-31.

For `use_container_width=True`, use `width='stretch'`. For `use_container_width=False`, use `width='content'`.
2026-05-28 05:06:15 | INFO     | steel_defect.inference    | Inference #140 | label=no_defect | confidence=0.352 | time=3.3ms
2026-05-28 05:06:15.148 Please replace `use_container_width` with `width`.

`use_container_width` will be removed after 2025-12-31.

For `use_container_width=True`, use `width='stretch'`. For `use_container_width=False`, use `width='content'`.
2026-05-28 05:06:15.161 Please replace `use_container_width` with `width`.

`use_container_width` will be removed after 2025-12-31.

For `use_container_width=True`, use `width='stretch'`. For `use_container_width=False`, use `width='content'`.
2026-05-28 05:06:17 | INFO     | steel_defect.inference    | Inference #141 | label=defect_2 | confidence=0.632 | time=2.8ms
2026-05-28 05:06:17.179 Please replace `use_container_width` with `width`.

`use_container_width` will be removed after 2025-12-31.

For `use_container_width=True`, use `width='stretch'`. For `use_container_width=False`, use `width='content'`.
2026-05-28 05:06:17.192 Please replace `use_container_width` with `width`.

`use_container_width` will be removed after 2025-12-31.

For `use_container_width=True`, use `width='stretch'`. For `use_container_width=False`, use `width='content'`.
2026-05-28 05:06:19 | INFO     | steel_defect.inference    | Inference #142 | label=defect_1 | confidence=0.300 | time=3.5ms
2026-05-28 05:06:19.214 Please replace `use_container_width` with `width`.

`use_container_width` will be removed after 2025-12-31.

For `use_container_width=True`, use `width='stretch'`. For `use_container_width=False`, use `width='content'`.
2026-05-28 05:06:19.228 Please replace `use_container_width` with `width`.

`use_container_width` will be removed after 2025-12-31.

For `use_container_width=True`, use `width='stretch'`. For `use_container_width=False`, use `width='content'`.
2026-05-28 05:06:21 | INFO     | steel_defect.inference    | Inference #143 | label=defect_2 | confidence=0.465 | time=2.7ms
2026-05-28 05:06:21.247 Please replace `use_container_width` with `width`.

`use_container_width` will be removed after 2025-12-31.

For `use_container_width=True`, use `width='stretch'`. For `use_container_width=False`, use `width='content'`.
2026-05-28 05:06:21.259 Please replace `use_container_width` with `width`.

`use_container_width` will be removed after 2025-12-31.

For `use_container_width=True`, use `width='stretch'`. For `use_container_width=False`, use `width='content'`.
2026-05-28 05:06:23 | INFO     | steel_defect.inference    | Inference #144 | label=defect_2 | confidence=0.576 | time=2.9ms
2026-05-28 05:06:23.279 Please replace `use_container_width` with `width`.

`use_container_width` will be removed after 2025-12-31.

For `use_container_width=True`, use `width='stretch'`. For `use_container_width=False`, use `width='content'`.
2026-05-28 05:06:23.291 Please replace `use_container_width` with `width`.

`use_container_width` will be removed after 2025-12-31.

For `use_container_width=True`, use `width='stretch'`. For `use_container_width=False`, use `width='content'`.
2026-05-28 05:06:25 | INFO     | steel_defect.inference    | Inference #145 | label=defect_2 | confidence=0.499 | time=3.3ms
2026-05-28 05:06:25.318 Please replace `use_container_width` with `width`.

`use_container_width` will be removed after 2025-12-31.

For `use_container_width=True`, use `width='stretch'`. For `use_container_width=False`, use `width='content'`.
2026-05-28 05:06:25.333 Please replace `use_container_width` with `width`.

`use_container_width` will be removed after 2025-12-31.

For `use_container_width=True`, use `width='stretch'`. For `use_container_width=False`, use `width='content'`.
2026-05-28 05:06:27 | INFO     | steel_defect.inference    | Inference #146 | label=defect_2 | confidence=0.499 | time=2.9ms
2026-05-28 05:06:27.355 Please replace `use_container_width` with `width`.

`use_container_width` will be removed after 2025-12-31.

For `use_container_width=True`, use `width='stretch'`. For `use_container_width=False`, use `width='content'`.
2026-05-28 05:06:27.367 Please replace `use_container_width` with `width`.

`use_container_width` will be removed after 2025-12-31.

For `use_container_width=True`, use `width='stretch'`. For `use_container_width=False`, use `width='content'`.
2026-05-28 05:06:29 | INFO     | steel_defect.inference    | Inference #147 | label=defect_1 | confidence=0.355 | time=2.8ms
2026-05-28 05:06:29.387 Please replace `use_container_width` with `width`.

`use_container_width` will be removed after 2025-12-31.

For `use_container_width=True`, use `width='stretch'`. For `use_container_width=False`, use `width='content'`.
2026-05-28 05:06:29.400 Please replace `use_container_width` with `width`.

`use_container_width` will be removed after 2025-12-31.

For `use_container_width=True`, use `width='stretch'`. For `use_container_width=False`, use `width='content'`.
2026-05-28 05:06:31 | INFO     | steel_defect.inference    | Inference #148 | label=defect_2 | confidence=0.521 | time=3.1ms
2026-05-28 05:06:31.422 Please replace `use_container_width` with `width`.

`use_container_width` will be removed after 2025-12-31.

For `use_container_width=True`, use `width='stretch'`. For `use_container_width=False`, use `width='content'`.
2026-05-28 05:06:31.436 Please replace `use_container_width` with `width`.

`use_container_width` will be removed after 2025-12-31.

For `use_container_width=True`, use `width='stretch'`. For `use_container_width=False`, use `width='content'`.
2026-05-28 05:06:33 | INFO     | steel_defect.inference    | Inference #149 | label=defect_2 | confidence=0.509 | time=2.8ms
2026-05-28 05:06:33.455 Please replace `use_container_width` with `width`.

`use_container_width` will be removed after 2025-12-31.

For `use_container_width=True`, use `width='stretch'`. For `use_container_width=False`, use `width='content'`.
2026-05-28 05:06:33.469 Please replace `use_container_width` with `width`.

`use_container_width` will be removed after 2025-12-31.

For `use_container_width=True`, use `width='stretch'`. For `use_container_width=False`, use `width='content'`.
2026-05-28 05:06:35 | INFO     | steel_defect.inference    | Inference #150 | label=defect_1 | confidence=0.349 | time=3.0ms
2026-05-28 05:06:35.490 Please replace `use_container_width` with `width`.

`use_container_width` will be removed after 2025-12-31.

For `use_container_width=True`, use `width='stretch'`. For `use_container_width=False`, use `width='content'`.
2026-05-28 05:06:35.504 Please replace `use_container_width` with `width`.

`use_container_width` will be removed after 2025-12-31.

For `use_container_width=True`, use `width='stretch'`. For `use_container_width=False`, use `width='content'`.
2026-05-28 05:06:37 | INFO     | steel_defect.inference    | Inference #151 | label=no_defect | confidence=0.348 | time=3.2ms
2026-05-28 05:06:37.526 Please replace `use_container_width` with `width`.

`use_container_width` will be removed after 2025-12-31.

For `use_container_width=True`, use `width='stretch'`. For `use_container_width=False`, use `width='content'`.
2026-05-28 05:06:37.542 Please replace `use_container_width` with `width`.

`use_container_width` will be removed after 2025-12-31.

For `use_container_width=True`, use `width='stretch'`. For `use_container_width=False`, use `width='content'`.
2026-05-28 05:06:39 | INFO     | steel_defect.inference    | Inference #152 | label=defect_3 | confidence=0.301 | time=2.9ms
2026-05-28 05:06:39.568 Please replace `use_container_width` with `width`.

`use_container_width` will be removed after 2025-12-31.

For `use_container_width=True`, use `width='stretch'`. For `use_container_width=False`, use `width='content'`.
2026-05-28 05:06:39.581 Please replace `use_container_width` with `width`.

`use_container_width` will be removed after 2025-12-31.

For `use_container_width=True`, use `width='stretch'`. For `use_container_width=False`, use `width='content'`.
2026-05-28 05:06:41 | INFO     | steel_defect.inference    | Inference #153 | label=no_defect | confidence=0.283 | time=3.0ms
2026-05-28 05:06:41.601 Please replace `use_container_width` with `width`.

`use_container_width` will be removed after 2025-12-31.

For `use_container_width=True`, use `width='stretch'`. For `use_container_width=False`, use `width='content'`.
2026-05-28 05:06:41.614 Please replace `use_container_width` with `width`.

`use_container_width` will be removed after 2025-12-31.

For `use_container_width=True`, use `width='stretch'`. For `use_container_width=False`, use `width='content'`.
2026-05-28 05:06:43 | INFO     | steel_defect.inference    | Inference #154 | label=defect_2 | confidence=0.495 | time=2.7ms
2026-05-28 05:06:43.633 Please replace `use_container_width` with `width`.

`use_container_width` will be removed after 2025-12-31.

For `use_container_width=True`, use `width='stretch'`. For `use_container_width=False`, use `width='content'`.
2026-05-28 05:06:43.645 Please replace `use_container_width` with `width`.

`use_container_width` will be removed after 2025-12-31.

For `use_container_width=True`, use `width='stretch'`. For `use_container_width=False`, use `width='content'`.
2026-05-28 05:06:45 | INFO     | steel_defect.inference    | Inference #155 | label=defect_2 | confidence=0.710 | time=3.0ms
2026-05-28 05:06:45.664 Please replace `use_container_width` with `width`.

`use_container_width` will be removed after 2025-12-31.

For `use_container_width=True`, use `width='stretch'`. For `use_container_width=False`, use `width='content'`.
2026-05-28 05:06:45.676 Please replace `use_container_width` with `width`.

`use_container_width` will be removed after 2025-12-31.

For `use_container_width=True`, use `width='stretch'`. For `use_container_width=False`, use `width='content'`.
2026-05-28 05:06:47 | INFO     | steel_defect.inference    | Inference #156 | label=defect_4 | confidence=0.338 | time=2.8ms
2026-05-28 05:06:47.696 Please replace `use_container_width` with `width`.

`use_container_width` will be removed after 2025-12-31.

For `use_container_width=True`, use `width='stretch'`. For `use_container_width=False`, use `width='content'`.
2026-05-28 05:06:47.709 Please replace `use_container_width` with `width`.

`use_container_width` will be removed after 2025-12-31.

For `use_container_width=True`, use `width='stretch'`. For `use_container_width=False`, use `width='content'`.
2026-05-28 05:06:49 | INFO     | steel_defect.inference    | Inference #157 | label=defect_1 | confidence=0.324 | time=5.4ms
2026-05-28 05:06:49.740 Please replace `use_container_width` with `width`.

`use_container_width` will be removed after 2025-12-31.

For `use_container_width=True`, use `width='stretch'`. For `use_container_width=False`, use `width='content'`.
2026-05-28 05:06:49.763 Please replace `use_container_width` with `width`.

`use_container_width` will be removed after 2025-12-31.

For `use_container_width=True`, use `width='stretch'`. For `use_container_width=False`, use `width='content'`.
2026-05-28 05:06:51 | INFO     | steel_defect.inference    | Inference #158 | label=defect_2 | confidence=0.518 | time=2.9ms
2026-05-28 05:06:51.789 Please replace `use_container_width` with `width`.

`use_container_width` will be removed after 2025-12-31.

For `use_container_width=True`, use `width='stretch'`. For `use_container_width=False`, use `width='content'`.
2026-05-28 05:06:51.804 Please replace `use_container_width` with `width`.

`use_container_width` will be removed after 2025-12-31.

For `use_container_width=True`, use `width='stretch'`. For `use_container_width=False`, use `width='content'`.
2026-05-28 05:06:53 | INFO     | steel_defect.inference    | Inference #159 | label=defect_1 | confidence=0.338 | time=3.0ms
2026-05-28 05:06:53.830 Please replace `use_container_width` with `width`.

`use_container_width` will be removed after 2025-12-31.

For `use_container_width=True`, use `width='stretch'`. For `use_container_width=False`, use `width='content'`.
2026-05-28 05:06:53.843 Please replace `use_container_width` with `width`.

`use_container_width` will be removed after 2025-12-31.

For `use_container_width=True`, use `width='stretch'`. For `use_container_width=False`, use `width='content'`.
2026-05-28 05:06:55 | INFO     | steel_defect.inference    | Inference #160 | label=defect_1 | confidence=0.389 | time=2.9ms
2026-05-28 05:06:55.863 Please replace `use_container_width` with `width`.

`use_container_width` will be removed after 2025-12-31.

For `use_container_width=True`, use `width='stretch'`. For `use_container_width=False`, use `width='content'`.
2026-05-28 05:06:55.875 Please replace `use_container_width` with `width`.

`use_container_width` will be removed after 2025-12-31.

For `use_container_width=True`, use `width='stretch'`. For `use_container_width=False`, use `width='content'`.
  Stopping...
